<Sentence id='3'>			
1	((	NP	
1.1	((	NP	<fs  esubtype="location"  etype="ne">
1.1.1	भारत	NNP	<fs af='भारत,n,m,sg,3,o,0,0'>
	))
1.2	का	PSP	<fs af='का,psp,m,sg,,d,का,kA'>
	))
2	((	NP	
2.1	((	NP	<fs  esubtype="location"  etype="ne">
2.1.1	अमेरिका	NNP	<fs af='अमेरिका,n,m,sg,3,o,0,0'>
	))
2.2	के	PSP	<fs af='का,psp,m,sg,,o,का,kA'>
2.3	पास	NST	<fs af='पास,adv,,,,,,'>
	))
3	((	NP	
3.1	((	NP	<fs  esubtype="Rupees"  etype="measx"  value="2000000000.0">
3.1.1	((	NP	<fs  etype="numx"  value="2000000000.0">
3.1.1.1	2	QCC	<fs af='2,num,,,,,,' etype="numx"  value="2.0">
3.1.1.2	सौ	QCC	<fs af='सौ,adj,any,pl,,d,,' etype="numx"  value="100.0">
3.1.1.3	करोड़	QC	<fs af='करोड़,adj,any,pl,,d,,' etype="numx"  value="10000000.0">
	))
3.1.2	रुपयों	NN	<fs af='रुपया,n,m,pl,3,o,0,0' esubtype="Rupees"  etype="measx"  value="1.0">
	))
3.2	का	PSP	<fs af='का,psp,m,sg,,d,का,kA'>
	))
4	((	NP	
4.1	कर्ज	NN	<fs af='कर्ज,n,m,sg,3,d,0,0'>
	))
5	((	VGF	
5.1	है	VM	<fs af='है,v,any,sg,3,,है,hE'>
5.2	.	SYM	<fs af='.,punc,,,,,,'>
	))
</Sentence>			
			
