<Sentence id="1">			
1	((	NP	<fs  esubtype='location'  etype='ne'>
1.1	बड़ौदे	unk	
	))
2	से	unk	
3	((	NP	<fs  esubtype='location'  etype='ne'>
3.1	बंबई	unk	
	))
4	जाते	unk	
5	समय	unk	
6	((	NP	<fs  etype='numx'  value='1.0'>
6.1	एक	unk	<fs  etype='numx'  value='1.0'>
	))
7	रेलवे	unk	
8	स्टेशन	unk	
9	है	unk	
10	.	unk	
</Sentence>			
