<Sentence id="3">			
1	((	NP	<fs  esubtype='location'  etype='ne'>
1.1	भारत	unk	
	))
2	का	unk	
3	((	NP	<fs  esubtype='location'  etype='ne'>
3.1	अमेरिका	unk	
	))
4	के	unk	
5	पास	unk	
6	((	NP	<fs  esubtype='Rupees'  etype='measx'  value='2000000000.0'>
6.1	((	NP	<fs  etype='numx'  value='2000000000.0'>
6.1.1	2	unk	<fs  etype='numx'  value='2.0'>
6.1.2	सौ	unk	<fs  etype='numx'  value='100.0'>
6.1.3	करोड़	unk	<fs  etype='numx'  value='10000000.0'>
	))
6.2	रुपयों	unk	<fs  esubtype='Rupees'  etype='measx'  value='1.0'>
	))
7	का	unk	
8	कर्जा	unk	
9	है	unk	
10	.	unk	
</Sentence>			
