<Sentence id="2">			
1	मेरे	unk	
2	पास	unk	
3	((	NP	<fs  etype='numx'  value='2300.0'>
3.1	((	NP	<fs  etype='numx'  value='2000.0'>
3.1.1	2	unk	<fs  etype='numx'  value='2.0'>
3.1.2	हजार	unk	<fs  etype='numx'  value='1000.0'>
	))
3.2	((	NP	<fs  etype='numx'  value='300.0'>
3.2.1	3	unk	<fs  etype='numx'  value='3.0'>
3.2.2	सौ	unk	<fs  etype='numx'  value='100.0'>
	))
	))
4	किताबे	unk	
5	है	unk	
6	.	unk	
</Sentence>			
